Microchip Technology Inc, v2.00 (B)

Tool Name:
  c:\program files\microchip\xc16\v2.00\bin\bin\..\bin/elf-ld.exe

Command:
  -p24FJ64GA002 \
  --mdfp=C:/Program Files/Microchip/MPLABX/v6.05/packs/Microchip/PIC24F-GA-GB_DFP/1.8.217/xc16 \
  -o \
  dist/default/production/target.production.elf \
  -Lc:/program files/microchip/xc16/v2.00/bin/bin/.. \
  -LC:/Program Files/Microchip/MPLABX/v6.05/packs/Microchip/PIC24F-GA-GB_DFP/1.8.217/xc16/bin/../support/PIC24F/gld \
  -Lc:/program files/microchip/xc16/v2.00/bin/bin/../../lib \
  -Lc:/program files/microchip/xc16/v2.00/bin/bin/../../lib/PIC24E \
  -Lc:/program files/microchip/xc16/v2.00/bin/bin/../../support/PIC24E/gld \
  -Lc:/program files/microchip/xc16/v2.00/bin/bin/../../lib/PIC24F \
  -Lc:/program files/microchip/xc16/v2.00/bin/bin/../../support/PIC24F/gld \
  -Lc:/program files/microchip/xc16/v2.00/bin/bin/../../lib/PIC24H \
  -Lc:/program files/microchip/xc16/v2.00/bin/bin/../../support/PIC24H/gld \
  -Lc:/program files/microchip/xc16/v2.00/bin/bin/../../lib/dsPIC30F \
  -Lc:/program files/microchip/xc16/v2.00/bin/bin/../../support/dsPIC30F/gld \
  -Lc:/program files/microchip/xc16/v2.00/bin/bin/../../support/dsPIC33C/gld \
  -Lc:/program files/microchip/xc16/v2.00/bin/bin/../../lib/dsPIC33E \
  -Lc:/program files/microchip/xc16/v2.00/bin/bin/../../support/dsPIC33E/gld \
  -Lc:/program files/microchip/xc16/v2.00/bin/bin/../../lib/dsPIC33F \
  -Lc:/program files/microchip/xc16/v2.00/bin/bin/../../support/dsPIC33F/gld \
  build/default/production/codigo.o \
  --defsym=__MPLAB_BUILD=1 \
  -Tp24FJ64GA002.gld.00 \
  --stack=16 \
  --check-sections \
  --data-init \
  --pack-data \
  --handles \
  --isr \
  --no-gc-sections \
  --fill-upper=0 \
  --stackguard=16 \
  --no-force-link \
  --smart-io \
  -Map=dist/default/production/target.production.map \
  --report-mem \
  --memorysummary \
  dist/default/production/memoryfile.xml \
  -start-group \
  --library=c99-pic30-elf \
  --library=m-elf \
  --library=c99-elf \
  -end-group \

Archive member included because of file (symbol)

c:/program files/microchip/xc16/v2.00/bin/bin/../../lib\libc99-pic30-elf.a(crt0_standard.o)
                              (__resetPRI)
c:/program files/microchip/xc16/v2.00/bin/bin/../../lib\libc99-pic30-elf.a(data_init_standard.o)
                              c:/program files/microchip/xc16/v2.00/bin/bin/../../lib\libc99-pic30-elf.a(crt0_standard.o) (__data_init_standard)
c:/program files/microchip/xc16/v2.00/bin/bin/../../lib\libc99-pic30-elf.a(crt_start_mode_normal.Meo)
                              (__crt_start_mode_normal)
c:/program files/microchip/xc16/v2.00/bin/bin/../../lib\libc99-pic30-elf.a(fixunssfsi.XX_o)
                              build/default/production/codigo.o (___fixunssfsi)
c:/program files/microchip/xc16/v2.00/bin/bin/../../lib\libc99-pic30-elf.a(floatunsisf.XX_o)
                              build/default/production/codigo.o (___floatunsisf)
c:/program files/microchip/xc16/v2.00/bin/bin/../../lib\libc99-pic30-elf.a(funpack.XX_o)
                              c:/program files/microchip/xc16/v2.00/bin/bin/../../lib\libc99-pic30-elf.a(fixunssfsi.XX_o) (__funpack)
c:/program files/microchip/xc16/v2.00/bin/bin/../../lib\libc99-pic30-elf.a(udivsi3.XX_o)
                              build/default/production/codigo.o (___udivsi3)
c:/program files/microchip/xc16/v2.00/bin/bin/../../lib\libc99-pic30-elf.a(addsf3x.XX_o)
                              build/default/production/codigo.o (___addsf3)
c:/program files/microchip/xc16/v2.00/bin/bin/../../lib\libc99-pic30-elf.a(divsf3x.XX_o)
                              build/default/production/codigo.o (___divsf3)
c:/program files/microchip/xc16/v2.00/bin/bin/../../lib\libc99-pic30-elf.a(dnrmpackfx.XX_o)
                              c:/program files/microchip/xc16/v2.00/bin/bin/../../lib\libc99-pic30-elf.a(addsf3x.XX_o) (__dnrmpackf)
c:/program files/microchip/xc16/v2.00/bin/bin/../../lib\libc99-pic30-elf.a(typefx.XX_o)
                              c:/program files/microchip/xc16/v2.00/bin/bin/../../lib\libc99-pic30-elf.a(addsf3x.XX_o) (__typef)
c:/program files/microchip/xc16/v2.00/bin/bin/../../lib\libc99-pic30-elf.a(propnanfx.XX_o)
                              c:/program files/microchip/xc16/v2.00/bin/bin/../../lib\libc99-pic30-elf.a(addsf3x.XX_o) (__propnanf)
c:/program files/microchip/xc16/v2.00/bin/bin/../../lib\libc99-pic30-elf.a(spackfx.XX_o)
                              c:/program files/microchip/xc16/v2.00/bin/bin/../../lib\libc99-pic30-elf.a(divsf3x.XX_o) (__spackf)
c:/program files/microchip/xc16/v2.00/bin/bin/../../lib\libc99-pic30-elf.a(unpackfx.XX_o)
                              c:/program files/microchip/xc16/v2.00/bin/bin/../../lib\libc99-pic30-elf.a(divsf3x.XX_o) (__unpackf)
c:/program files/microchip/xc16/v2.00/bin/bin/../../lib\libc99-pic30-elf.a(errno.XX_o)
                              c:/program files/microchip/xc16/v2.00/bin/bin/../../lib\libc99-pic30-elf.a(divsf3x.XX_o) (_errno)
c:/program files/microchip/xc16/v2.00/bin/bin/../../lib\libc99-pic30-elf.a(floatundisf.XX_o)
                              c:/program files/microchip/xc16/v2.00/bin/bin/../../lib\libc99-pic30-elf.a(floatunsisf.XX_o) (___floatundisf)
c:/program files/microchip/xc16/v2.00/bin/bin/../../lib\libc99-pic30-elf.a(fpack.XX_o)
                              c:/program files/microchip/xc16/v2.00/bin/bin/../../lib\libc99-pic30-elf.a(floatundisf.XX_o) (__fpack)


xc16-ld 2.00 (B)

Default Code Model: Small
Default Data Model: Large
Default Scalar Model: Small

"program" Memory  [Origin = 0x200, Length = 0xa9fc]

section                    address   length (PC units)   length (bytes) (dec)
-------                    -------   -----------------   --------------------
.text                        0x200               0x930           0xdc8  (3528)
.const                       0xb30                0x1a            0x27  (39)
.text                        0xb4a               0xea6          0x15f9  (5625)
.dinit                      0x19f0                0x1e            0x2d  (45)

                 Total "program" memory used (bytes):         0x2415  (9237) 14%


"data" Memory  [Origin = 0x800, Length = 0x2000]

section                    address      alignment gaps    total length  (dec)
-------                    -------      --------------    -------------------
.nbss                        0x800                   0            0x84  (132)
.ndata                       0x884                   0             0x6  (6)
.nbss                        0x88a                   0             0x2  (2)
.bss                         0x88c                   0           0x80c  (2060)

                 Total "data" memory used (bytes):          0x898  (2200) 26%


Dynamic Memory Usage

region                     address                      maximum length  (dec)
------                     -------                      ---------------------
heap                             0                                   0  (0)
stack                       0x1098                              0x1768  (5992)

                 Maximum dynamic memory (bytes):         0x1768  (5992)

Info: Project is using a large data memory model when small data memory model is sufficient.


External Symbols in Data Memory (by address):

                    0x0800                  _timeStamp
                    0x0804                  _UARTX1_bufferEmpty
                    0x0806                  _UARTX1_IN_punt_entr
                    0x0808                  _UARTX1_IN_punt_sal
                    0x080a                  _UARTX1_IN_cont_byte
                    0x080c                  _UARTX1_IN_n_frame
                    0x080e                  _UARTX1_OUT_punt_entr
                    0x0810                  _UARTX1_OUT_punt_sal
                    0x0812                  _UARTX1_OUT_cont_byte
                    0x0814                  _UARTX1_cont_byte_BUFFER_HRD
                    0x0815                  _UARTX1_invertido
                    0x0816                  _UARTX1_flowControlVar
                    0x0817                  _i2c_packet_id
                    0x0818                  _i2c_rv_id
                    0x081a                  _I2Ctic
                    0x081c                  _punt_entr_I2C_IN
                    0x081e                  _punt_sal_I2C_IN
                    0x0820                  _cont_byte_I2C_IN
                    0x0822                  _cont_byte_I2C_IN_FM
                    0x0824                  _punt_entr_I2C_OUT
                    0x0826                  _punt_sal_I2C_OUT
                    0x0828                  _cont_byte_I2C_OUT
                    0x082a                  _puntB_sal_I2C_OUT
                    0x082c                  _cont_byte_I2C_OUT_FM
                    0x082e                  _contB_byte_I2C_OUT
                    0x0830                  _i2crfi_tout
                    0x0834                  _i2crfi_tic
                    0x0836                  _i2crfi_estado
                    0x0837                  _i2crfi_estado_rcv
                    0x0838                  _i2crfi_indice
                    0x0839                  _I2CBusCol
                    0x083a                  _i2crfi_config
                    0x0842                  _blkLed1_timerOn
                    0x0844                  _blkLed1_period
                    0x0846                  _blkLed1_times
                    0x0848                  _blkLed1_tStamp
                    0x084c                  _time1_ms
                    0x0850                  _time2_ms
                    0x0854                  _time3_ms
                    0x0858                  _time4_ms
                    0x085c                  _time5_ms
                    0x0860                  _time6_ms
                    0x0864                  _setPoint1_ms
                    0x0868                  _setPoint2_ms
                    0x086c                  _setPoint3_ms
                    0x0870                  _setPoint4_ms
                    0x0874                  _setPoint5_ms
                    0x0878                  _setPoint6_ms
                    0x087c                  _modo_timer1
                    0x087d                  _modo_timer2
                    0x087e                  _modo_timer3
                    0x087f                  _modo_timer4
                    0x0880                  _modo_timer5
                    0x0881                  _modo_timer6
                    0x0882                  _stopflag
                    0x0884                  _I2C_ID
                    0x0886                  _UART1_punt_sal_aux
                    0x0888                  _I2CXpunt_sal_aux
                    0x088c                  _UARTX1_IN_fifo
                    0x0a8c                  _UARTX1_OUT_fifo
                    0x0c8c                  _fifo_I2C_IN
                    0x0e92                  _fifo_I2C_OUT

External Symbols in Data Memory (by name):

                    0x0839                  _I2CBusCol
                    0x0888                  _I2CXpunt_sal_aux
                    0x0884                  _I2C_ID
                    0x081a                  _I2Ctic
                    0x0886                  _UART1_punt_sal_aux
                    0x080a                  _UARTX1_IN_cont_byte
                    0x088c                  _UARTX1_IN_fifo
                    0x080c                  _UARTX1_IN_n_frame
                    0x0806                  _UARTX1_IN_punt_entr
                    0x0808                  _UARTX1_IN_punt_sal
                    0x0812                  _UARTX1_OUT_cont_byte
                    0x0a8c                  _UARTX1_OUT_fifo
                    0x080e                  _UARTX1_OUT_punt_entr
                    0x0810                  _UARTX1_OUT_punt_sal
                    0x0804                  _UARTX1_bufferEmpty
                    0x0814                  _UARTX1_cont_byte_BUFFER_HRD
                    0x0816                  _UARTX1_flowControlVar
                    0x0815                  _UARTX1_invertido
                    0x0844                  _blkLed1_period
                    0x0848                  _blkLed1_tStamp
                    0x0842                  _blkLed1_timerOn
                    0x0846                  _blkLed1_times
                    0x082e                  _contB_byte_I2C_OUT
                    0x0820                  _cont_byte_I2C_IN
                    0x0822                  _cont_byte_I2C_IN_FM
                    0x0828                  _cont_byte_I2C_OUT
                    0x082c                  _cont_byte_I2C_OUT_FM
                    0x0c8c                  _fifo_I2C_IN
                    0x0e92                  _fifo_I2C_OUT
                    0x0817                  _i2c_packet_id
                    0x0818                  _i2c_rv_id
                    0x083a                  _i2crfi_config
                    0x0836                  _i2crfi_estado
                    0x0837                  _i2crfi_estado_rcv
                    0x0838                  _i2crfi_indice
                    0x0834                  _i2crfi_tic
                    0x0830                  _i2crfi_tout
                    0x087c                  _modo_timer1
                    0x087d                  _modo_timer2
                    0x087e                  _modo_timer3
                    0x087f                  _modo_timer4
                    0x0880                  _modo_timer5
                    0x0881                  _modo_timer6
                    0x082a                  _puntB_sal_I2C_OUT
                    0x081c                  _punt_entr_I2C_IN
                    0x0824                  _punt_entr_I2C_OUT
                    0x081e                  _punt_sal_I2C_IN
                    0x0826                  _punt_sal_I2C_OUT
                    0x0864                  _setPoint1_ms
                    0x0868                  _setPoint2_ms
                    0x086c                  _setPoint3_ms
                    0x0870                  _setPoint4_ms
                    0x0874                  _setPoint5_ms
                    0x0878                  _setPoint6_ms
                    0x0882                  _stopflag
                    0x084c                  _time1_ms
                    0x0850                  _time2_ms
                    0x0854                  _time3_ms
                    0x0858                  _time4_ms
                    0x085c                  _time5_ms
                    0x0860                  _time6_ms
                    0x0800                  _timeStamp

External Symbols in Program Memory (by address):

                  0x000200                  __resetPRI
                  0x00023c                  __psv_init
                  0x000252                  __data_init
                  0x000252                  __data_init_standard
                  0x0002e0                  __T4Interrupt
                  0x000300                  __U1TXInterrupt
                  0x000340                  __U1RXInterrupt
                  0x000376                  __SI2C2Interrupt
                  0x0003ee                  __MI2C2Interrupt
                  0x0004bc                  __DefaultInterrupt
                  0x0004c2                  ___fixunssfsi
                  0x0004f8                  ___floatunsisf
                  0x0004fc                  __funpack
                  0x000526                  ___udivsi3
                  0x000546                  ___subsf3x
                  0x000546                  ___subsf3
                  0x000558                  ___addsf3
                  0x000558                  ___addsf3x
                  0x000722                  ___divsf3x
                  0x000722                  ___divsf3
                  0x0008b4                  __sdivf
                  0x0008e0                  __dnrmpackf
                  0x000934                  __typef
                  0x000968                  __propnanf
                  0x00097a                  __spackf
                  0x000a20                  __unpackf
                  0x000a86                  ___floatundisf
                  0x000ae4                  __fpack
                  0x000b30                  _getUart1
                  0x000b36                  _setUart1
                  0x000b3a                  _getI2C
                  0x000b40                  _setI2C
                  0x000b4a                  _EB_in_count
                  0x000b52                  _EB_out_count
                  0x000b5a                  _init_timer4
                  0x000b6a                  _init_led
                  0x000b72                  _led1
                  0x000ba4                  _blkLed1
                  0x000bce                  _Poll_LEDs
                  0x000c2e                  _init_timer_api
                  0x000c34                  _TicPoll
                  0x000c3a                  _UARTX1_simplexMode
                  0x000c46                  _UARTX1_flowControl
                  0x000c68                  _UARTX1_invertir
                  0x000c86                  _UARTX1_IN_ini
                  0x000c94                  _UARTX1_OUT_ini
                  0x000ca0                  _UARTX1_IN_push
                  0x000ce6                  _UARTX1_OUT_push
                  0x000d32                  _UARTX1_IN_pop
                  0x000da2                  _UARTX1_OUT_pop
                  0x000dce                  _UARTX1_IN_count
                  0x000dd6                  _UARTX1_init
                  0x000e32                  _UARTX1_Init
                  0x000ff4                  _UARTX1_bd
                  0x0011b0                  _UARTX1_TXREG
                  0x0011bc                  _UARTX1_TRMT
                  0x0011c8                  _Init_USBDriver
                  0x0011e0                  _Poll_USBDriver
                  0x0011e6                  _USB_Init
                  0x0011ee                  _pUSB
                  0x0012a4                  _Poll_USB
                  0x0012aa                  _Init_I2C
                  0x0013c2                  _CollisionReset_I2C
                  0x0013da                  _OverflowReset_I2C
                  0x0013f2                  _IsI2cStart
                  0x001412                  _IsI2cCollisionDetect
                  0x001432                  _IsI2cStop
                  0x001452                  _IsI2cReceiveBufferFull
                  0x001472                  _IsI2cDataOrAddress
                  0x001492                  _IsI2cReceiveOverflow
                  0x0014b2                  _Start_I2C
                  0x0014ca                  _Stop_I2C
                  0x0014e2                  _Write_I2C
                  0x001526                  _Read_I2C
                  0x001588                  _I2cRfi_init
                  0x0015c6                  _I2cRfi_Send
                  0x0015f2                  _I2cRfi_PoolSend
                  0x001620                  _ini_I2C_IN
                  0x00162e                  _ini_I2C_OUT
                  0x00163e                  _ini_I2C_OUT_FM
                  0x001646                  _reset_I2C_FRAME
                  0x001652                  _ok_I2C_FRAME
                  0x00165e                  _push_I2C_IN
                  0x001690                  _push_I2C_OUT
                  0x0016c2                  _pI2C
                  0x001780                  _pop_I2C_IN
                  0x0017fa                  _pop_I2C_OUT
                  0x001820                  _pop_I2C_OUT_FM
                  0x00184c                  _poll_I2C
                  0x0019a0                  _initSystem
                  0x0019aa                  _onReset
                  0x0019b8                  _eI2C
                  0x0019d6                  _main

External Symbols in Program Memory (by name):

                  0x0013c2                  _CollisionReset_I2C
                  0x000b4a                  _EB_in_count
                  0x000b52                  _EB_out_count
                  0x0015f2                  _I2cRfi_PoolSend
                  0x0015c6                  _I2cRfi_Send
                  0x001588                  _I2cRfi_init
                  0x0012aa                  _Init_I2C
                  0x0011c8                  _Init_USBDriver
                  0x001412                  _IsI2cCollisionDetect
                  0x001472                  _IsI2cDataOrAddress
                  0x001452                  _IsI2cReceiveBufferFull
                  0x001492                  _IsI2cReceiveOverflow
                  0x0013f2                  _IsI2cStart
                  0x001432                  _IsI2cStop
                  0x0013da                  _OverflowReset_I2C
                  0x000bce                  _Poll_LEDs
                  0x0012a4                  _Poll_USB
                  0x0011e0                  _Poll_USBDriver
                  0x001526                  _Read_I2C
                  0x0014b2                  _Start_I2C
                  0x0014ca                  _Stop_I2C
                  0x000c34                  _TicPoll
                  0x000dce                  _UARTX1_IN_count
                  0x000c86                  _UARTX1_IN_ini
                  0x000d32                  _UARTX1_IN_pop
                  0x000ca0                  _UARTX1_IN_push
                  0x000e32                  _UARTX1_Init
                  0x000c94                  _UARTX1_OUT_ini
                  0x000da2                  _UARTX1_OUT_pop
                  0x000ce6                  _UARTX1_OUT_push
                  0x0011bc                  _UARTX1_TRMT
                  0x0011b0                  _UARTX1_TXREG
                  0x000ff4                  _UARTX1_bd
                  0x000c46                  _UARTX1_flowControl
                  0x000dd6                  _UARTX1_init
                  0x000c68                  _UARTX1_invertir
                  0x000c3a                  _UARTX1_simplexMode
                  0x0011e6                  _USB_Init
                  0x0014e2                  _Write_I2C
                  0x0004bc                  __DefaultInterrupt
                  0x0003ee                  __MI2C2Interrupt
                  0x000376                  __SI2C2Interrupt
                  0x0002e0                  __T4Interrupt
                  0x000340                  __U1RXInterrupt
                  0x000300                  __U1TXInterrupt
                  0x000558                  ___addsf3
                  0x000558                  ___addsf3x
                  0x000722                  ___divsf3
                  0x000722                  ___divsf3x
                  0x0004c2                  ___fixunssfsi
                  0x000a86                  ___floatundisf
                  0x0004f8                  ___floatunsisf
                  0x000546                  ___subsf3
                  0x000546                  ___subsf3x
                  0x000526                  ___udivsi3
                  0x000252                  __data_init
                  0x000252                  __data_init_standard
                  0x0008e0                  __dnrmpackf
                  0x000ae4                  __fpack
                  0x0004fc                  __funpack
                  0x000968                  __propnanf
                  0x00023c                  __psv_init
                  0x000200                  __resetPRI
                  0x0008b4                  __sdivf
                  0x00097a                  __spackf
                  0x000934                  __typef
                  0x000a20                  __unpackf
                  0x000ba4                  _blkLed1
                  0x0019b8                  _eI2C
                  0x000b3a                  _getI2C
                  0x000b30                  _getUart1
                  0x001620                  _ini_I2C_IN
                  0x00162e                  _ini_I2C_OUT
                  0x00163e                  _ini_I2C_OUT_FM
                  0x0019a0                  _initSystem
                  0x000b6a                  _init_led
                  0x000b5a                  _init_timer4
                  0x000c2e                  _init_timer_api
                  0x000b72                  _led1
                  0x0019d6                  _main
                  0x001652                  _ok_I2C_FRAME
                  0x0019aa                  _onReset
                  0x0016c2                  _pI2C
                  0x0011ee                  _pUSB
                  0x00184c                  _poll_I2C
                  0x001780                  _pop_I2C_IN
                  0x0017fa                  _pop_I2C_OUT
                  0x001820                  _pop_I2C_OUT_FM
                  0x00165e                  _push_I2C_IN
                  0x001690                  _push_I2C_OUT
                  0x001646                  _reset_I2C_FRAME
                  0x000b40                  _setI2C
                  0x000b36                  _setUart1

Memory Configuration

Name             Origin             Length             Attributes
data             0x000800           0x002000           a !xr
reset            0x000000           0x000004  
ivt              0x000004           0x0000fc  
_reserved        0x000100           0x000004  
aivt             0x000104           0x0000fc  
program          0x000200           0x00a9fc           xr
CONFIG2          0x00abfc           0x000002  
CONFIG1          0x00abfe           0x000002  
*default*        0x000000           0xffffffff  

Linker script and memory map

LOAD build/default/production/codigo.o
                    0x0001                  __MPLAB_BUILD = 0x1
LOAD c:/program files/microchip/xc16/v2.00/bin/bin/../../lib/PIC24F\libpPIC24Fxxx-elf.a
LOAD c:/program files/microchip/xc16/v2.00/bin/bin/../../lib\libfx-elf.a
                    0xabfc                  __CONFIG2 = 0xabfc
                    0xabfe                  __CONFIG1 = 0xabfe
                    0x0001                  __NO_HANDLES = 0x1
                    0x0200                  __CODE_BASE = 0x200
                    0xa9fc                  __CODE_LENGTH = 0xa9fc
                    0x0004                  __IVT_BASE = 0x4
                    0x0104                  __AIVT_BASE = 0x104
                    0x0800                  __DATA_BASE = 0x800
                    0x2000                  __DATA_LENGTH = 0x2000

.reset            0x000000          0x4
                  0x000000          0x2 SHORT 0x200 ABSOLUTE (__reset)
                  0x000001          0x2 SHORT 0x4
                  0x000002          0x2 SHORT 0x0 ((ABSOLUTE (__reset) >> 0x10) & 0x7f)
                  0x000003          0x2 SHORT 0x0

.text             0x000200        0x930
 *(.init)
 .init            0x000200         0x4c c:/program files/microchip/xc16/v2.00/bin/bin/../../lib\libc99-pic30-elf.a(crt0_standard.o)
                  0x000200                  __resetPRI
                  0x000200                  __reset
                  0x00023c                  __psv_init
 .init            0x00024c         0x7c c:/program files/microchip/xc16/v2.00/bin/bin/../../lib\libc99-pic30-elf.a(data_init_standard.o)
                  0x000252                  __data_init_standard
                  0x000252                  __data_init
 *(.user_init)
 *(.handle)
 *(.isr*)
 .isr.text        0x0002e0        0x1dc build/default/production/codigo.o
                  0x0002e0                  __T4Interrupt
                  0x000300                  __U1TXInterrupt
                  0x000340                  __U1RXInterrupt
                  0x000376                  __SI2C2Interrupt
                  0x0003ee                  __MI2C2Interrupt
 .isr             0x0004bc          0x4 default_isr
                  0x0004bc                  __DefaultInterrupt
 *(.libc)
 *(.libm)
 *(.libdsp)
 *(.lib*)
 .libpic30_crt_start_mode
                  0x0004c0          0x2 c:/program files/microchip/xc16/v2.00/bin/bin/../../lib\libc99-pic30-elf.a(crt_start_mode_normal.Meo)
                  0x0004c0                  __crt_start_mode
                  0x0004c0                  __crt_start_mode_normal
 .libm.fixunssfsi
                  0x0004c2         0x36 c:/program files/microchip/xc16/v2.00/bin/bin/../../lib\libc99-pic30-elf.a(fixunssfsi.XX_o)
                  0x0004c2                  ___fixunssfsi
 .libm.floatunsisf
                  0x0004f8          0x4 c:/program files/microchip/xc16/v2.00/bin/bin/../../lib\libc99-pic30-elf.a(floatunsisf.XX_o)
                  0x0004f8                  ___floatunsisf
 .libm.funpack    0x0004fc         0x2a c:/program files/microchip/xc16/v2.00/bin/bin/../../lib\libc99-pic30-elf.a(funpack.XX_o)
                  0x0004fc                  __funpack
 .libm.udivsi3    0x000526         0x20 c:/program files/microchip/xc16/v2.00/bin/bin/../../lib\libc99-pic30-elf.a(udivsi3.XX_o)
                  0x000526                  ___udivsi3
 .libmx           0x000546        0x1dc c:/program files/microchip/xc16/v2.00/bin/bin/../../lib\libc99-pic30-elf.a(addsf3x.XX_o)
                  0x000546                  ___subsf3x
                  0x000546                  ___subsf3
                  0x000558                  ___addsf3x
                  0x000558                  ___addsf3
 .libmx           0x000722        0x1be c:/program files/microchip/xc16/v2.00/bin/bin/../../lib\libc99-pic30-elf.a(divsf3x.XX_o)
                  0x000722                  ___divsf3x
                  0x000722                  ___divsf3
                  0x0008b4                  __sdivf
 .libmx           0x0008e0         0x54 c:/program files/microchip/xc16/v2.00/bin/bin/../../lib\libc99-pic30-elf.a(dnrmpackfx.XX_o)
                  0x0008e0                  __dnrmpackf
 .libmx           0x000934         0x34 c:/program files/microchip/xc16/v2.00/bin/bin/../../lib\libc99-pic30-elf.a(typefx.XX_o)
                  0x000934                  __typef
 .libmx           0x000968         0x12 c:/program files/microchip/xc16/v2.00/bin/bin/../../lib\libc99-pic30-elf.a(propnanfx.XX_o)
                  0x000968                  __propnanf
 .libmx           0x00097a         0xa6 c:/program files/microchip/xc16/v2.00/bin/bin/../../lib\libc99-pic30-elf.a(spackfx.XX_o)
                  0x00097a                  __spackf
 .libmx           0x000a20         0x66 c:/program files/microchip/xc16/v2.00/bin/bin/../../lib\libc99-pic30-elf.a(unpackfx.XX_o)
                  0x000a20                  __unpackf
 .libm.floatundisf
                  0x000a86         0x5e c:/program files/microchip/xc16/v2.00/bin/bin/../../lib\libc99-pic30-elf.a(floatundisf.XX_o)
                  0x000a86                  ___floatundisf
 .libm.fpack      0x000ae4         0x4c c:/program files/microchip/xc16/v2.00/bin/bin/../../lib\libc99-pic30-elf.a(fpack.XX_o)
                  0x000ae4                  __fpack

usercode
 *(usercode)

__CONFIG2
 *(__CONFIG2.sec*)

__CONFIG1
 *(__CONFIG1.sec*)

.comment
 *(.comment)

.debug_info       0x000000       0x394f
 *(.debug_info)
 .debug_info      0x000000       0x31a8 build/default/production/codigo.o
 .debug_info      0x0031a8         0x90 c:/program files/microchip/xc16/v2.00/bin/bin/../../lib\libc99-pic30-elf.a(fixunssfsi.XX_o)
 .debug_info      0x003238         0x91 c:/program files/microchip/xc16/v2.00/bin/bin/../../lib\libc99-pic30-elf.a(floatunsisf.XX_o)
 .debug_info      0x0032c9         0x8d c:/program files/microchip/xc16/v2.00/bin/bin/../../lib\libc99-pic30-elf.a(funpack.XX_o)
 .debug_info      0x003356         0x8d c:/program files/microchip/xc16/v2.00/bin/bin/../../lib\libc99-pic30-elf.a(udivsi3.XX_o)
 .debug_info      0x0033e3         0x9d c:/program files/microchip/xc16/v2.00/bin/bin/../../lib\libc99-pic30-elf.a(addsf3x.XX_o)
 .debug_info      0x003480         0x9d c:/program files/microchip/xc16/v2.00/bin/bin/../../lib\libc99-pic30-elf.a(divsf3x.XX_o)
 .debug_info      0x00351d         0xa0 c:/program files/microchip/xc16/v2.00/bin/bin/../../lib\libc99-pic30-elf.a(dnrmpackfx.XX_o)
 .debug_info      0x0035bd         0x9c c:/program files/microchip/xc16/v2.00/bin/bin/../../lib\libc99-pic30-elf.a(typefx.XX_o)
 .debug_info      0x003659         0x9f c:/program files/microchip/xc16/v2.00/bin/bin/../../lib\libc99-pic30-elf.a(propnanfx.XX_o)
 .debug_info      0x0036f8         0x9d c:/program files/microchip/xc16/v2.00/bin/bin/../../lib\libc99-pic30-elf.a(spackfx.XX_o)
 .debug_info      0x003795         0x9e c:/program files/microchip/xc16/v2.00/bin/bin/../../lib\libc99-pic30-elf.a(unpackfx.XX_o)
 .debug_info      0x003833         0x91 c:/program files/microchip/xc16/v2.00/bin/bin/../../lib\libc99-pic30-elf.a(floatundisf.XX_o)
 .debug_info      0x0038c4         0x8b c:/program files/microchip/xc16/v2.00/bin/bin/../../lib\libc99-pic30-elf.a(fpack.XX_o)
 *(.gnu.linkonce.wi.*)

.debug_abbrev     0x000000        0x3c2
 *(.debug_abbrev)
 .debug_abbrev    0x000000        0x2be build/default/production/codigo.o
 .debug_abbrev    0x0002be         0x14 c:/program files/microchip/xc16/v2.00/bin/bin/../../lib\libc99-pic30-elf.a(fixunssfsi.XX_o)
 .debug_abbrev    0x0002d2         0x14 c:/program files/microchip/xc16/v2.00/bin/bin/../../lib\libc99-pic30-elf.a(floatunsisf.XX_o)
 .debug_abbrev    0x0002e6         0x14 c:/program files/microchip/xc16/v2.00/bin/bin/../../lib\libc99-pic30-elf.a(funpack.XX_o)
 .debug_abbrev    0x0002fa         0x14 c:/program files/microchip/xc16/v2.00/bin/bin/../../lib\libc99-pic30-elf.a(udivsi3.XX_o)
 .debug_abbrev    0x00030e         0x14 c:/program files/microchip/xc16/v2.00/bin/bin/../../lib\libc99-pic30-elf.a(addsf3x.XX_o)
 .debug_abbrev    0x000322         0x14 c:/program files/microchip/xc16/v2.00/bin/bin/../../lib\libc99-pic30-elf.a(divsf3x.XX_o)
 .debug_abbrev    0x000336         0x14 c:/program files/microchip/xc16/v2.00/bin/bin/../../lib\libc99-pic30-elf.a(dnrmpackfx.XX_o)
 .debug_abbrev    0x00034a         0x14 c:/program files/microchip/xc16/v2.00/bin/bin/../../lib\libc99-pic30-elf.a(typefx.XX_o)
 .debug_abbrev    0x00035e         0x14 c:/program files/microchip/xc16/v2.00/bin/bin/../../lib\libc99-pic30-elf.a(propnanfx.XX_o)
 .debug_abbrev    0x000372         0x14 c:/program files/microchip/xc16/v2.00/bin/bin/../../lib\libc99-pic30-elf.a(spackfx.XX_o)
 .debug_abbrev    0x000386         0x14 c:/program files/microchip/xc16/v2.00/bin/bin/../../lib\libc99-pic30-elf.a(unpackfx.XX_o)
 .debug_abbrev    0x00039a         0x14 c:/program files/microchip/xc16/v2.00/bin/bin/../../lib\libc99-pic30-elf.a(floatundisf.XX_o)
 .debug_abbrev    0x0003ae         0x14 c:/program files/microchip/xc16/v2.00/bin/bin/../../lib\libc99-pic30-elf.a(fpack.XX_o)

.debug_line       0x000000        0xba5
 *(.debug_line)
 .debug_line      0x000000        0x51c build/default/production/codigo.o
 .debug_line      0x00051c         0x53 c:/program files/microchip/xc16/v2.00/bin/bin/../../lib\libc99-pic30-elf.a(fixunssfsi.XX_o)
 .debug_line      0x00056f         0x3b c:/program files/microchip/xc16/v2.00/bin/bin/../../lib\libc99-pic30-elf.a(floatunsisf.XX_o)
 .debug_line      0x0005aa         0x4a c:/program files/microchip/xc16/v2.00/bin/bin/../../lib\libc99-pic30-elf.a(funpack.XX_o)
 .debug_line      0x0005f4         0x45 c:/program files/microchip/xc16/v2.00/bin/bin/../../lib\libc99-pic30-elf.a(udivsi3.XX_o)
 .debug_line      0x000639        0x136 c:/program files/microchip/xc16/v2.00/bin/bin/../../lib\libc99-pic30-elf.a(addsf3x.XX_o)
 .debug_line      0x00076f        0x124 c:/program files/microchip/xc16/v2.00/bin/bin/../../lib\libc99-pic30-elf.a(divsf3x.XX_o)
 .debug_line      0x000893         0x72 c:/program files/microchip/xc16/v2.00/bin/bin/../../lib\libc99-pic30-elf.a(dnrmpackfx.XX_o)
 .debug_line      0x000905         0x5e c:/program files/microchip/xc16/v2.00/bin/bin/../../lib\libc99-pic30-elf.a(typefx.XX_o)
 .debug_line      0x000963         0x51 c:/program files/microchip/xc16/v2.00/bin/bin/../../lib\libc99-pic30-elf.a(propnanfx.XX_o)
 .debug_line      0x0009b4         0x98 c:/program files/microchip/xc16/v2.00/bin/bin/../../lib\libc99-pic30-elf.a(spackfx.XX_o)
 .debug_line      0x000a4c         0x79 c:/program files/microchip/xc16/v2.00/bin/bin/../../lib\libc99-pic30-elf.a(unpackfx.XX_o)
 .debug_line      0x000ac5         0x1a c:/program files/microchip/xc16/v2.00/bin/bin/../../lib\libc99-pic30-elf.a(errno.XX_o)
 .debug_line      0x000adf         0x6c c:/program files/microchip/xc16/v2.00/bin/bin/../../lib\libc99-pic30-elf.a(floatundisf.XX_o)
 .debug_line      0x000b4b         0x5a c:/program files/microchip/xc16/v2.00/bin/bin/../../lib\libc99-pic30-elf.a(fpack.XX_o)

.debug_frame      0x000000        0x796
 *(.debug_frame)
 .debug_frame     0x000000        0x796 build/default/production/codigo.o

.debug_str        0x000000        0x367
 *(.debug_str)
 .debug_str       0x000000        0x367 build/default/production/codigo.o

.debug_loc
 *(.debug_loc)

.debug_macinfo
 *(.debug_macinfo)

.debug_pubnames
                  0x000000        0x91a
 *(.debug_pubnames)
 .debug_pubnames
                  0x000000        0x91a build/default/production/codigo.o

.debug_ranges
 *(.debug_ranges)

.debug_aranges    0x000000        0x150
 *(.debug_aranges)
 .debug_aranges
                  0x000000         0x18 build/default/production/codigo.o
 .debug_aranges
                  0x000018         0x18 c:/program files/microchip/xc16/v2.00/bin/bin/../../lib\libc99-pic30-elf.a(fixunssfsi.XX_o)
 .debug_aranges
                  0x000030         0x18 c:/program files/microchip/xc16/v2.00/bin/bin/../../lib\libc99-pic30-elf.a(floatunsisf.XX_o)
 .debug_aranges
                  0x000048         0x18 c:/program files/microchip/xc16/v2.00/bin/bin/../../lib\libc99-pic30-elf.a(funpack.XX_o)
 .debug_aranges
                  0x000060         0x18 c:/program files/microchip/xc16/v2.00/bin/bin/../../lib\libc99-pic30-elf.a(udivsi3.XX_o)
 .debug_aranges
                  0x000078         0x18 c:/program files/microchip/xc16/v2.00/bin/bin/../../lib\libc99-pic30-elf.a(addsf3x.XX_o)
 .debug_aranges
                  0x000090         0x18 c:/program files/microchip/xc16/v2.00/bin/bin/../../lib\libc99-pic30-elf.a(divsf3x.XX_o)
 .debug_aranges
                  0x0000a8         0x18 c:/program files/microchip/xc16/v2.00/bin/bin/../../lib\libc99-pic30-elf.a(dnrmpackfx.XX_o)
 .debug_aranges
                  0x0000c0         0x18 c:/program files/microchip/xc16/v2.00/bin/bin/../../lib\libc99-pic30-elf.a(typefx.XX_o)
 .debug_aranges
                  0x0000d8         0x18 c:/program files/microchip/xc16/v2.00/bin/bin/../../lib\libc99-pic30-elf.a(propnanfx.XX_o)
 .debug_aranges
                  0x0000f0         0x18 c:/program files/microchip/xc16/v2.00/bin/bin/../../lib\libc99-pic30-elf.a(spackfx.XX_o)
 .debug_aranges
                  0x000108         0x18 c:/program files/microchip/xc16/v2.00/bin/bin/../../lib\libc99-pic30-elf.a(unpackfx.XX_o)
 .debug_aranges
                  0x000120         0x18 c:/program files/microchip/xc16/v2.00/bin/bin/../../lib\libc99-pic30-elf.a(floatundisf.XX_o)
 .debug_aranges
                  0x000138         0x18 c:/program files/microchip/xc16/v2.00/bin/bin/../../lib\libc99-pic30-elf.a(fpack.XX_o)
                    0x0000                  WREG0 = 0x0
                    0x0000                  _WREG0 = 0x0
                    0x0002                  WREG1 = 0x2
                    0x0002                  _WREG1 = 0x2
                    0x0004                  WREG2 = 0x4
                    0x0004                  _WREG2 = 0x4
                    0x0006                  WREG3 = 0x6
                    0x0006                  _WREG3 = 0x6
                    0x0008                  WREG4 = 0x8
                    0x0008                  _WREG4 = 0x8
                    0x000a                  WREG5 = 0xa
                    0x000a                  _WREG5 = 0xa
                    0x000c                  WREG6 = 0xc
                    0x000c                  _WREG6 = 0xc
                    0x000e                  WREG7 = 0xe
                    0x000e                  _WREG7 = 0xe
                    0x0010                  WREG8 = 0x10
                    0x0010                  _WREG8 = 0x10
                    0x0012                  WREG9 = 0x12
                    0x0012                  _WREG9 = 0x12
                    0x0014                  WREG10 = 0x14
                    0x0014                  _WREG10 = 0x14
                    0x0016                  WREG11 = 0x16
                    0x0016                  _WREG11 = 0x16
                    0x0018                  WREG12 = 0x18
                    0x0018                  _WREG12 = 0x18
                    0x001a                  WREG13 = 0x1a
                    0x001a                  _WREG13 = 0x1a
                    0x001c                  WREG14 = 0x1c
                    0x001c                  _WREG14 = 0x1c
                    0x001e                  WREG15 = 0x1e
                    0x001e                  _WREG15 = 0x1e
                    0x0020                  SPLIM = 0x20
                    0x0020                  _SPLIM = 0x20
                    0x002e                  PCL = 0x2e
                    0x002e                  _PCL = 0x2e
                    0x0030                  PCH = 0x30
                    0x0030                  _PCH = 0x30
                    0x0032                  TBLPAG = 0x32
                    0x0032                  _TBLPAG = 0x32
                    0x0034                  PSVPAG = 0x34
                    0x0034                  _PSVPAG = 0x34
                    0x0036                  RCOUNT = 0x36
                    0x0036                  _RCOUNT = 0x36
                    0x0042                  SR = 0x42
                    0x0042                  _SR = 0x42
                    0x0042                  _SRbits = 0x42
                    0x0044                  CORCON = 0x44
                    0x0044                  _CORCON = 0x44
                    0x0044                  _CORCONbits = 0x44
                    0x0052                  DISICNT = 0x52
                    0x0052                  _DISICNT = 0x52
                    0x0060                  CNEN1 = 0x60
                    0x0060                  _CNEN1 = 0x60
                    0x0060                  _CNEN1bits = 0x60
                    0x0062                  CNEN2 = 0x62
                    0x0062                  _CNEN2 = 0x62
                    0x0062                  _CNEN2bits = 0x62
                    0x0068                  CNPU1 = 0x68
                    0x0068                  _CNPU1 = 0x68
                    0x0068                  _CNPU1bits = 0x68
                    0x006a                  CNPU2 = 0x6a
                    0x006a                  _CNPU2 = 0x6a
                    0x006a                  _CNPU2bits = 0x6a
                    0x0080                  INTCON1 = 0x80
                    0x0080                  _INTCON1 = 0x80
                    0x0080                  _INTCON1bits = 0x80
                    0x0082                  INTCON2 = 0x82
                    0x0082                  _INTCON2 = 0x82
                    0x0082                  _INTCON2bits = 0x82
                    0x0084                  IFS0 = 0x84
                    0x0084                  _IFS0 = 0x84
                    0x0084                  _IFS0bits = 0x84
                    0x0086                  IFS1 = 0x86
                    0x0086                  _IFS1 = 0x86
                    0x0086                  _IFS1bits = 0x86
                    0x0088                  IFS2 = 0x88
                    0x0088                  _IFS2 = 0x88
                    0x0088                  _IFS2bits = 0x88
                    0x008a                  IFS3 = 0x8a
                    0x008a                  _IFS3 = 0x8a
                    0x008a                  _IFS3bits = 0x8a
                    0x008c                  IFS4 = 0x8c
                    0x008c                  _IFS4 = 0x8c
                    0x008c                  _IFS4bits = 0x8c
                    0x0094                  IEC0 = 0x94
                    0x0094                  _IEC0 = 0x94
                    0x0094                  _IEC0bits = 0x94
                    0x0096                  IEC1 = 0x96
                    0x0096                  _IEC1 = 0x96
                    0x0096                  _IEC1bits = 0x96
                    0x0098                  IEC2 = 0x98
                    0x0098                  _IEC2 = 0x98
                    0x0098                  _IEC2bits = 0x98
                    0x009a                  IEC3 = 0x9a
                    0x009a                  _IEC3 = 0x9a
                    0x009a                  _IEC3bits = 0x9a
                    0x009c                  IEC4 = 0x9c
                    0x009c                  _IEC4 = 0x9c
                    0x009c                  _IEC4bits = 0x9c
                    0x00a4                  IPC0 = 0xa4
                    0x00a4                  _IPC0 = 0xa4
                    0x00a4                  _IPC0bits = 0xa4
                    0x00a6                  IPC1 = 0xa6
                    0x00a6                  _IPC1 = 0xa6
                    0x00a6                  _IPC1bits = 0xa6
                    0x00a8                  IPC2 = 0xa8
                    0x00a8                  _IPC2 = 0xa8
                    0x00a8                  _IPC2bits = 0xa8
                    0x00aa                  IPC3 = 0xaa
                    0x00aa                  _IPC3 = 0xaa
                    0x00aa                  _IPC3bits = 0xaa
                    0x00ac                  IPC4 = 0xac
                    0x00ac                  _IPC4 = 0xac
                    0x00ac                  _IPC4bits = 0xac
                    0x00ae                  IPC5 = 0xae
                    0x00ae                  _IPC5 = 0xae
                    0x00ae                  _IPC5bits = 0xae
                    0x00b0                  IPC6 = 0xb0
                    0x00b0                  _IPC6 = 0xb0
                    0x00b0                  _IPC6bits = 0xb0
                    0x00b2                  IPC7 = 0xb2
                    0x00b2                  _IPC7 = 0xb2
                    0x00b2                  _IPC7bits = 0xb2
                    0x00b4                  IPC8 = 0xb4
                    0x00b4                  _IPC8 = 0xb4
                    0x00b4                  _IPC8bits = 0xb4
                    0x00b6                  IPC9 = 0xb6
                    0x00b6                  _IPC9 = 0xb6
                    0x00b6                  _IPC9bits = 0xb6
                    0x00b8                  IPC10 = 0xb8
                    0x00b8                  _IPC10 = 0xb8
                    0x00b8                  _IPC10bits = 0xb8
                    0x00ba                  IPC11 = 0xba
                    0x00ba                  _IPC11 = 0xba
                    0x00ba                  _IPC11bits = 0xba
                    0x00bc                  IPC12 = 0xbc
                    0x00bc                  _IPC12 = 0xbc
                    0x00bc                  _IPC12bits = 0xbc
                    0x00c2                  IPC15 = 0xc2
                    0x00c2                  _IPC15 = 0xc2
                    0x00c2                  _IPC15bits = 0xc2
                    0x00c4                  IPC16 = 0xc4
                    0x00c4                  _IPC16 = 0xc4
                    0x00c4                  _IPC16bits = 0xc4
                    0x00c8                  IPC18 = 0xc8
                    0x00c8                  _IPC18 = 0xc8
                    0x00c8                  _IPC18bits = 0xc8
                    0x00e0                  INTTREG = 0xe0
                    0x00e0                  _INTTREG = 0xe0
                    0x00e0                  _INTTREGbits = 0xe0
                    0x0100                  TMR1 = 0x100
                    0x0100                  _TMR1 = 0x100
                    0x0102                  PR1 = 0x102
                    0x0102                  _PR1 = 0x102
                    0x0104                  T1CON = 0x104
                    0x0104                  _T1CON = 0x104
                    0x0104                  _T1CONbits = 0x104
                    0x0106                  TMR2 = 0x106
                    0x0106                  _TMR2 = 0x106
                    0x0108                  TMR3HLD = 0x108
                    0x0108                  _TMR3HLD = 0x108
                    0x010a                  TMR3 = 0x10a
                    0x010a                  _TMR3 = 0x10a
                    0x010c                  PR2 = 0x10c
                    0x010c                  _PR2 = 0x10c
                    0x010e                  PR3 = 0x10e
                    0x010e                  _PR3 = 0x10e
                    0x0110                  T2CON = 0x110
                    0x0110                  _T2CON = 0x110
                    0x0110                  _T2CONbits = 0x110
                    0x0112                  T3CON = 0x112
                    0x0112                  _T3CON = 0x112
                    0x0112                  _T3CONbits = 0x112
                    0x0114                  TMR4 = 0x114
                    0x0114                  _TMR4 = 0x114
                    0x0116                  TMR5HLD = 0x116
                    0x0116                  _TMR5HLD = 0x116
                    0x0118                  TMR5 = 0x118
                    0x0118                  _TMR5 = 0x118
                    0x011a                  PR4 = 0x11a
                    0x011a                  _PR4 = 0x11a
                    0x011c                  PR5 = 0x11c
                    0x011c                  _PR5 = 0x11c
                    0x011e                  T4CON = 0x11e
                    0x011e                  _T4CON = 0x11e
                    0x011e                  _T4CONbits = 0x11e
                    0x0120                  T5CON = 0x120
                    0x0120                  _T5CON = 0x120
                    0x0120                  _T5CONbits = 0x120
                    0x0140                  IC1BUF = 0x140
                    0x0140                  _IC1BUF = 0x140
                    0x0142                  IC1CON = 0x142
                    0x0142                  _IC1CON = 0x142
                    0x0142                  _IC1CONbits = 0x142
                    0x0144                  IC2BUF = 0x144
                    0x0144                  _IC2BUF = 0x144
                    0x0146                  IC2CON = 0x146
                    0x0146                  _IC2CON = 0x146
                    0x0146                  _IC2CONbits = 0x146
                    0x0148                  IC3BUF = 0x148
                    0x0148                  _IC3BUF = 0x148
                    0x014a                  IC3CON = 0x14a
                    0x014a                  _IC3CON = 0x14a
                    0x014a                  _IC3CONbits = 0x14a
                    0x014c                  IC4BUF = 0x14c
                    0x014c                  _IC4BUF = 0x14c
                    0x014e                  IC4CON = 0x14e
                    0x014e                  _IC4CON = 0x14e
                    0x014e                  _IC4CONbits = 0x14e
                    0x0150                  IC5BUF = 0x150
                    0x0150                  _IC5BUF = 0x150
                    0x0152                  IC5CON = 0x152
                    0x0152                  _IC5CON = 0x152
                    0x0152                  _IC5CONbits = 0x152
                    0x0180                  OC1RS = 0x180
                    0x0180                  _OC1RS = 0x180
                    0x0182                  OC1R = 0x182
                    0x0182                  _OC1R = 0x182
                    0x0184                  OC1CON = 0x184
                    0x0184                  _OC1CON = 0x184
                    0x0184                  _OC1CONbits = 0x184
                    0x0186                  OC2RS = 0x186
                    0x0186                  _OC2RS = 0x186
                    0x0188                  OC2R = 0x188
                    0x0188                  _OC2R = 0x188
                    0x018a                  OC2CON = 0x18a
                    0x018a                  _OC2CON = 0x18a
                    0x018a                  _OC2CONbits = 0x18a
                    0x018c                  OC3RS = 0x18c
                    0x018c                  _OC3RS = 0x18c
                    0x018e                  OC3R = 0x18e
                    0x018e                  _OC3R = 0x18e
                    0x0190                  OC3CON = 0x190
                    0x0190                  _OC3CON = 0x190
                    0x0190                  _OC3CONbits = 0x190
                    0x0192                  OC4RS = 0x192
                    0x0192                  _OC4RS = 0x192
                    0x0194                  OC4R = 0x194
                    0x0194                  _OC4R = 0x194
                    0x0196                  OC4CON = 0x196
                    0x0196                  _OC4CON = 0x196
                    0x0196                  _OC4CONbits = 0x196
                    0x0198                  OC5RS = 0x198
                    0x0198                  _OC5RS = 0x198
                    0x019a                  OC5R = 0x19a
                    0x019a                  _OC5R = 0x19a
                    0x019c                  OC5CON = 0x19c
                    0x019c                  _OC5CON = 0x19c
                    0x019c                  _OC5CONbits = 0x19c
                    0x0200                  I2C1RCV = 0x200
                    0x0200                  _I2C1RCV = 0x200
                    0x0202                  I2C1TRN = 0x202
                    0x0202                  _I2C1TRN = 0x202
                    0x0204                  I2C1BRG = 0x204
                    0x0204                  _I2C1BRG = 0x204
                    0x0206                  I2C1CON = 0x206
                    0x0206                  _I2C1CON = 0x206
                    0x0206                  _I2C1CONbits = 0x206
                    0x0208                  I2C1STAT = 0x208
                    0x0208                  _I2C1STAT = 0x208
                    0x0208                  _I2C1STATbits = 0x208
                    0x020a                  I2C1ADD = 0x20a
                    0x020a                  _I2C1ADD = 0x20a
                    0x020c                  I2C1MSK = 0x20c
                    0x020c                  _I2C1MSK = 0x20c
                    0x0210                  I2C2RCV = 0x210
                    0x0210                  _I2C2RCV = 0x210
                    0x0212                  I2C2TRN = 0x212
                    0x0212                  _I2C2TRN = 0x212
                    0x0214                  I2C2BRG = 0x214
                    0x0214                  _I2C2BRG = 0x214
                    0x0216                  I2C2CON = 0x216
                    0x0216                  _I2C2CON = 0x216
                    0x0216                  _I2C2CONbits = 0x216
                    0x0218                  I2C2STAT = 0x218
                    0x0218                  _I2C2STAT = 0x218
                    0x0218                  _I2C2STATbits = 0x218
                    0x021a                  I2C2ADD = 0x21a
                    0x021a                  _I2C2ADD = 0x21a
                    0x021c                  I2C2MSK = 0x21c
                    0x021c                  _I2C2MSK = 0x21c
                    0x0220                  U1MODE = 0x220
                    0x0220                  _U1MODE = 0x220
                    0x0220                  _U1MODEbits = 0x220
                    0x0222                  U1STA = 0x222
                    0x0222                  _U1STA = 0x222
                    0x0222                  _U1STAbits = 0x222
                    0x0224                  U1TXREG = 0x224
                    0x0224                  _U1TXREG = 0x224
                    0x0226                  U1RXREG = 0x226
                    0x0226                  _U1RXREG = 0x226
                    0x0228                  U1BRG = 0x228
                    0x0228                  _U1BRG = 0x228
                    0x0230                  U2MODE = 0x230
                    0x0230                  _U2MODE = 0x230
                    0x0230                  _U2MODEbits = 0x230
                    0x0232                  U2STA = 0x232
                    0x0232                  _U2STA = 0x232
                    0x0232                  _U2STAbits = 0x232
                    0x0234                  U2TXREG = 0x234
                    0x0234                  _U2TXREG = 0x234
                    0x0236                  U2RXREG = 0x236
                    0x0236                  _U2RXREG = 0x236
                    0x0238                  U2BRG = 0x238
                    0x0238                  _U2BRG = 0x238
                    0x0240                  SPI1STAT = 0x240
                    0x0240                  _SPI1STAT = 0x240
                    0x0240                  _SPI1STATbits = 0x240
                    0x0242                  SPI1CON1 = 0x242
                    0x0242                  _SPI1CON1 = 0x242
                    0x0242                  _SPI1CON1bits = 0x242
                    0x0244                  SPI1CON2 = 0x244
                    0x0244                  _SPI1CON2 = 0x244
                    0x0244                  _SPI1CON2bits = 0x244
                    0x0248                  SPI1BUF = 0x248
                    0x0248                  _SPI1BUF = 0x248
                    0x0260                  SPI2STAT = 0x260
                    0x0260                  _SPI2STAT = 0x260
                    0x0260                  _SPI2STATbits = 0x260
                    0x0262                  SPI2CON1 = 0x262
                    0x0262                  _SPI2CON1 = 0x262
                    0x0262                  _SPI2CON1bits = 0x262
                    0x0264                  SPI2CON2 = 0x264
                    0x0264                  _SPI2CON2 = 0x264
                    0x0264                  _SPI2CON2bits = 0x264
                    0x0268                  SPI2BUF = 0x268
                    0x0268                  _SPI2BUF = 0x268
                    0x02c0                  TRISA = 0x2c0
                    0x02c0                  _TRISA = 0x2c0
                    0x02c0                  _TRISAbits = 0x2c0
                    0x02c2                  PORTA = 0x2c2
                    0x02c2                  _PORTA = 0x2c2
                    0x02c2                  _PORTAbits = 0x2c2
                    0x02c4                  LATA = 0x2c4
                    0x02c4                  _LATA = 0x2c4
                    0x02c4                  _LATAbits = 0x2c4
                    0x02c6                  ODCA = 0x2c6
                    0x02c6                  _ODCA = 0x2c6
                    0x02c6                  _ODCAbits = 0x2c6
                    0x02c8                  TRISB = 0x2c8
                    0x02c8                  _TRISB = 0x2c8
                    0x02c8                  _TRISBbits = 0x2c8
                    0x02ca                  PORTB = 0x2ca
                    0x02ca                  _PORTB = 0x2ca
                    0x02ca                  _PORTBbits = 0x2ca
                    0x02cc                  LATB = 0x2cc
                    0x02cc                  _LATB = 0x2cc
                    0x02cc                  _LATBbits = 0x2cc
                    0x02ce                  ODCB = 0x2ce
                    0x02ce                  _ODCB = 0x2ce
                    0x02ce                  _ODCBbits = 0x2ce
                    0x02fc                  PADCFG1 = 0x2fc
                    0x02fc                  _PADCFG1 = 0x2fc
                    0x02fc                  _PADCFG1bits = 0x2fc
                    0x0300                  ADC1BUF0 = 0x300
                    0x0300                  _ADC1BUF0 = 0x300
                    0x0302                  ADC1BUF1 = 0x302
                    0x0302                  _ADC1BUF1 = 0x302
                    0x0304                  ADC1BUF2 = 0x304
                    0x0304                  _ADC1BUF2 = 0x304
                    0x0306                  ADC1BUF3 = 0x306
                    0x0306                  _ADC1BUF3 = 0x306
                    0x0308                  ADC1BUF4 = 0x308
                    0x0308                  _ADC1BUF4 = 0x308
                    0x030a                  ADC1BUF5 = 0x30a
                    0x030a                  _ADC1BUF5 = 0x30a
                    0x030c                  ADC1BUF6 = 0x30c
                    0x030c                  _ADC1BUF6 = 0x30c
                    0x030e                  ADC1BUF7 = 0x30e
                    0x030e                  _ADC1BUF7 = 0x30e
                    0x0310                  ADC1BUF8 = 0x310
                    0x0310                  _ADC1BUF8 = 0x310
                    0x0312                  ADC1BUF9 = 0x312
                    0x0312                  _ADC1BUF9 = 0x312
                    0x0314                  ADC1BUFA = 0x314
                    0x0314                  _ADC1BUFA = 0x314
                    0x0316                  ADC1BUFB = 0x316
                    0x0316                  _ADC1BUFB = 0x316
                    0x0318                  ADC1BUFC = 0x318
                    0x0318                  _ADC1BUFC = 0x318
                    0x031a                  ADC1BUFD = 0x31a
                    0x031a                  _ADC1BUFD = 0x31a
                    0x031c                  ADC1BUFE = 0x31c
                    0x031c                  _ADC1BUFE = 0x31c
                    0x031e                  ADC1BUFF = 0x31e
                    0x031e                  _ADC1BUFF = 0x31e
                    0x0320                  AD1CON1 = 0x320
                    0x0320                  _AD1CON1 = 0x320
                    0x0320                  _AD1CON1bits = 0x320
                    0x0322                  AD1CON2 = 0x322
                    0x0322                  _AD1CON2 = 0x322
                    0x0322                  _AD1CON2bits = 0x322
                    0x0324                  AD1CON3 = 0x324
                    0x0324                  _AD1CON3 = 0x324
                    0x0324                  _AD1CON3bits = 0x324
                    0x0328                  AD1CHS = 0x328
                    0x0328                  _AD1CHS = 0x328
                    0x0328                  _AD1CHSbits = 0x328
                    0x032c                  AD1PCFG = 0x32c
                    0x032c                  _AD1PCFG = 0x32c
                    0x032c                  _AD1PCFGbits = 0x32c
                    0x0330                  AD1CSSL = 0x330
                    0x0330                  _AD1CSSL = 0x330
                    0x0330                  _AD1CSSLbits = 0x330
                    0x0600                  PMCON = 0x600
                    0x0600                  _PMCON = 0x600
                    0x0600                  _PMCONbits = 0x600
                    0x0602                  PMMODE = 0x602
                    0x0602                  _PMMODE = 0x602
                    0x0602                  _PMMODEbits = 0x602
                    0x0604                  PMADDR = 0x604
                    0x0604                  _PMADDR = 0x604
                    0x0604                  _PMADDRbits = 0x604
                    0x0604                  PMDOUT1 = 0x604
                    0x0604                  _PMDOUT1 = 0x604
                    0x0604                  _PMDOUT1bits = 0x604
                    0x0606                  PMDOUT2 = 0x606
                    0x0606                  _PMDOUT2 = 0x606
                    0x0608                  PMDIN1 = 0x608
                    0x0608                  _PMDIN1 = 0x608
                    0x060a                  PMDIN2 = 0x60a
                    0x060a                  _PMDIN2 = 0x60a
                    0x060c                  PMAEN = 0x60c
                    0x060c                  _PMAEN = 0x60c
                    0x060c                  _PMAENbits = 0x60c
                    0x060e                  PMSTAT = 0x60e
                    0x060e                  _PMSTAT = 0x60e
                    0x060e                  _PMSTATbits = 0x60e
                    0x0620                  ALRMVAL = 0x620
                    0x0620                  _ALRMVAL = 0x620
                    0x0622                  ALCFGRPT = 0x622
                    0x0622                  _ALCFGRPT = 0x622
                    0x0622                  _ALCFGRPTbits = 0x622
                    0x0624                  RTCVAL = 0x624
                    0x0624                  _RTCVAL = 0x624
                    0x0626                  RCFGCAL = 0x626
                    0x0626                  _RCFGCAL = 0x626
                    0x0626                  _RCFGCALbits = 0x626
                    0x0630                  CMCON = 0x630
                    0x0630                  _CMCON = 0x630
                    0x0630                  _CMCONbits = 0x630
                    0x0632                  CVRCON = 0x632
                    0x0632                  _CVRCON = 0x632
                    0x0632                  _CVRCONbits = 0x632
                    0x0640                  CRCCON = 0x640
                    0x0640                  _CRCCON = 0x640
                    0x0640                  _CRCCONbits = 0x640
                    0x0642                  CRCXOR = 0x642
                    0x0642                  _CRCXOR = 0x642
                    0x0642                  _CRCXORbits = 0x642
                    0x0644                  CRCDAT = 0x644
                    0x0644                  _CRCDAT = 0x644
                    0x0646                  CRCWDAT = 0x646
                    0x0646                  _CRCWDAT = 0x646
                    0x0680                  RPINR0 = 0x680
                    0x0680                  _RPINR0 = 0x680
                    0x0680                  _RPINR0bits = 0x680
                    0x0682                  RPINR1 = 0x682
                    0x0682                  _RPINR1 = 0x682
                    0x0682                  _RPINR1bits = 0x682
                    0x0686                  RPINR3 = 0x686
                    0x0686                  _RPINR3 = 0x686
                    0x0686                  _RPINR3bits = 0x686
                    0x0688                  RPINR4 = 0x688
                    0x0688                  _RPINR4 = 0x688
                    0x0688                  _RPINR4bits = 0x688
                    0x068e                  RPINR7 = 0x68e
                    0x068e                  _RPINR7 = 0x68e
                    0x068e                  _RPINR7bits = 0x68e
                    0x0690                  RPINR8 = 0x690
                    0x0690                  _RPINR8 = 0x690
                    0x0690                  _RPINR8bits = 0x690
                    0x0692                  RPINR9 = 0x692
                    0x0692                  _RPINR9 = 0x692
                    0x0692                  _RPINR9bits = 0x692
                    0x0696                  RPINR11 = 0x696
                    0x0696                  _RPINR11 = 0x696
                    0x0696                  _RPINR11bits = 0x696
                    0x06a4                  RPINR18 = 0x6a4
                    0x06a4                  _RPINR18 = 0x6a4
                    0x06a4                  _RPINR18bits = 0x6a4
                    0x06a6                  RPINR19 = 0x6a6
                    0x06a6                  _RPINR19 = 0x6a6
                    0x06a6                  _RPINR19bits = 0x6a6
                    0x06a8                  RPINR20 = 0x6a8
                    0x06a8                  _RPINR20 = 0x6a8
                    0x06a8                  _RPINR20bits = 0x6a8
                    0x06aa                  RPINR21 = 0x6aa
                    0x06aa                  _RPINR21 = 0x6aa
                    0x06aa                  _RPINR21bits = 0x6aa
                    0x06ac                  RPINR22 = 0x6ac
                    0x06ac                  _RPINR22 = 0x6ac
                    0x06ac                  _RPINR22bits = 0x6ac
                    0x06ae                  RPINR23 = 0x6ae
                    0x06ae                  _RPINR23 = 0x6ae
                    0x06ae                  _RPINR23bits = 0x6ae
                    0x06c0                  RPOR0 = 0x6c0
                    0x06c0                  _RPOR0 = 0x6c0
                    0x06c0                  _RPOR0bits = 0x6c0
                    0x06c2                  RPOR1 = 0x6c2
                    0x06c2                  _RPOR1 = 0x6c2
                    0x06c2                  _RPOR1bits = 0x6c2
                    0x06c4                  RPOR2 = 0x6c4
                    0x06c4                  _RPOR2 = 0x6c4
                    0x06c4                  _RPOR2bits = 0x6c4
                    0x06c6                  RPOR3 = 0x6c6
                    0x06c6                  _RPOR3 = 0x6c6
                    0x06c6                  _RPOR3bits = 0x6c6
                    0x06c8                  RPOR4 = 0x6c8
                    0x06c8                  _RPOR4 = 0x6c8
                    0x06c8                  _RPOR4bits = 0x6c8
                    0x06ca                  RPOR5 = 0x6ca
                    0x06ca                  _RPOR5 = 0x6ca
                    0x06ca                  _RPOR5bits = 0x6ca
                    0x06cc                  RPOR6 = 0x6cc
                    0x06cc                  _RPOR6 = 0x6cc
                    0x06cc                  _RPOR6bits = 0x6cc
                    0x06ce                  RPOR7 = 0x6ce
                    0x06ce                  _RPOR7 = 0x6ce
                    0x06ce                  _RPOR7bits = 0x6ce
                    0x0740                  RCON = 0x740
                    0x0740                  _RCON = 0x740
                    0x0740                  _RCONbits = 0x740
                    0x0742                  OSCCON = 0x742
                    0x0742                  _OSCCON = 0x742
                    0x0742                  _OSCCONbits = 0x742
                    0x0742                  OSCCONL = 0x742
                    0x0742                  _OSCCONL = 0x742
                    0x0743                  OSCCONH = 0x743
                    0x0743                  _OSCCONH = 0x743
                    0x0744                  CLKDIV = 0x744
                    0x0744                  _CLKDIV = 0x744
                    0x0744                  _CLKDIVbits = 0x744
                    0x0748                  OSCTUN = 0x748
                    0x0748                  _OSCTUN = 0x748
                    0x0748                  _OSCTUNbits = 0x748
                    0x0760                  NVMCON = 0x760
                    0x0760                  _NVMCON = 0x760
                    0x0760                  _NVMCONbits = 0x760
                    0x0766                  NVMKEY = 0x766
                    0x0766                  _NVMKEY = 0x766
                    0x0770                  PMD1 = 0x770
                    0x0770                  _PMD1 = 0x770
                    0x0770                  _PMD1bits = 0x770
                    0x0772                  PMD2 = 0x772
                    0x0772                  _PMD2 = 0x772
                    0x0772                  _PMD2bits = 0x772
                    0x0774                  PMD3 = 0x774
                    0x0774                  _PMD3 = 0x774
                    0x0774                  _PMD3bits = 0x774
                    0x0140                  IC1 = 0x140
                    0x0140                  _IC1 = 0x140
                    0x0144                  IC2 = 0x144
                    0x0144                  _IC2 = 0x144
                    0x0148                  IC3 = 0x148
                    0x0148                  _IC3 = 0x148
                    0x014c                  IC4 = 0x14c
                    0x014c                  _IC4 = 0x14c
                    0x0150                  IC5 = 0x150
                    0x0150                  _IC5 = 0x150
                    0x0180                  OC1 = 0x180
                    0x0180                  _OC1 = 0x180
                    0x0186                  OC2 = 0x186
                    0x0186                  _OC2 = 0x186
                    0x018c                  OC3 = 0x18c
                    0x018c                  _OC3 = 0x18c
                    0x0192                  OC4 = 0x192
                    0x0192                  _OC4 = 0x192
                    0x0198                  OC5 = 0x198
                    0x0198                  _OC5 = 0x198
                    0x0240                  SPI1 = 0x240
                    0x0240                  _SPI1 = 0x240
                    0x0260                  SPI2 = 0x260
                    0x0260                  _SPI2 = 0x260
                    0x0220                  UART1 = 0x220
                    0x0220                  _UART1 = 0x220
                    0x0230                  UART2 = 0x230
                    0x0230                  _UART2 = 0x230
START GROUP
LOAD c:/program files/microchip/xc16/v2.00/bin/bin/../../lib\libc99-pic30-elf.a
LOAD c:/program files/microchip/xc16/v2.00/bin/bin/../../lib\libm-elf.a
LOAD c:/program files/microchip/xc16/v2.00/bin/bin/../../lib\libc99-elf.a
END GROUP
OUTPUT(dist/default/production/target.production.elf elf32-pic30)
LOAD jump_table
LOAD default_isr
LOAD data_init

.debug_pubtypes
                  0x000150        0x2d7
 .debug_pubtypes
                  0x000150        0x2d7 build/default/production/codigo.o

__c30_signature
                  0x000427         0x3c
 __c30_signature
                  0x000427          0x6 build/default/production/codigo.o
 __c30_signature
                  0x00042d          0x6 c:/program files/microchip/xc16/v2.00/bin/bin/../../lib\libc99-pic30-elf.a(crt0_standard.o)
 __c30_signature
                  0x000433          0x6 c:/program files/microchip/xc16/v2.00/bin/bin/../../lib\libc99-pic30-elf.a(data_init_standard.o)
 __c30_signature
                  0x000439          0x6 c:/program files/microchip/xc16/v2.00/bin/bin/../../lib\libc99-pic30-elf.a(fixunssfsi.XX_o)
 __c30_signature
                  0x00043f          0x6 c:/program files/microchip/xc16/v2.00/bin/bin/../../lib\libc99-pic30-elf.a(floatunsisf.XX_o)
 __c30_signature
                  0x000445          0x6 c:/program files/microchip/xc16/v2.00/bin/bin/../../lib\libc99-pic30-elf.a(funpack.XX_o)
 __c30_signature
                  0x00044b          0x6 c:/program files/microchip/xc16/v2.00/bin/bin/../../lib\libc99-pic30-elf.a(udivsi3.XX_o)
 __c30_signature
                  0x000451          0x6 c:/program files/microchip/xc16/v2.00/bin/bin/../../lib\libc99-pic30-elf.a(errno.XX_o)
 __c30_signature
                  0x000457          0x6 c:/program files/microchip/xc16/v2.00/bin/bin/../../lib\libc99-pic30-elf.a(floatundisf.XX_o)
 __c30_signature
                  0x00045d          0x6 c:/program files/microchip/xc16/v2.00/bin/bin/../../lib\libc99-pic30-elf.a(fpack.XX_o)

.nbss               0x0800         0x84
 .nbss              0x0800         0x84 build/default/production/codigo.o
                    0x0800                  _timeStamp
                    0x0804                  _UARTX1_bufferEmpty
                    0x0806                  _UARTX1_IN_punt_entr
                    0x0808                  _UARTX1_IN_punt_sal
                    0x080a                  _UARTX1_IN_cont_byte
                    0x080c                  _UARTX1_IN_n_frame
                    0x080e                  _UARTX1_OUT_punt_entr
                    0x0810                  _UARTX1_OUT_punt_sal
                    0x0812                  _UARTX1_OUT_cont_byte
                    0x0814                  _UARTX1_cont_byte_BUFFER_HRD
                    0x0815                  _UARTX1_invertido
                    0x0816                  _UARTX1_flowControlVar
                    0x0817                  _i2c_packet_id
                    0x0818                  _i2c_rv_id
                    0x081a                  _I2Ctic
                    0x081c                  _punt_entr_I2C_IN
                    0x081e                  _punt_sal_I2C_IN
                    0x0820                  _cont_byte_I2C_IN
                    0x0822                  _cont_byte_I2C_IN_FM
                    0x0824                  _punt_entr_I2C_OUT
                    0x0826                  _punt_sal_I2C_OUT
                    0x0828                  _cont_byte_I2C_OUT
                    0x082a                  _puntB_sal_I2C_OUT
                    0x082c                  _cont_byte_I2C_OUT_FM
                    0x082e                  _contB_byte_I2C_OUT
                    0x0830                  _i2crfi_tout
                    0x0834                  _i2crfi_tic
                    0x0836                  _i2crfi_estado
                    0x0837                  _i2crfi_estado_rcv
                    0x0838                  _i2crfi_indice
                    0x0839                  _I2CBusCol
                    0x083a                  _i2crfi_config
                    0x0842                  _blkLed1_timerOn
                    0x0844                  _blkLed1_period
                    0x0846                  _blkLed1_times
                    0x0848                  _blkLed1_tStamp
                    0x084c                  _time1_ms
                    0x0850                  _time2_ms
                    0x0854                  _time3_ms
                    0x0858                  _time4_ms
                    0x085c                  _time5_ms
                    0x0860                  _time6_ms
                    0x0864                  _setPoint1_ms
                    0x0868                  _setPoint2_ms
                    0x086c                  _setPoint3_ms
                    0x0870                  _setPoint4_ms
                    0x0874                  _setPoint5_ms
                    0x0878                  _setPoint6_ms
                    0x087c                  _modo_timer1
                    0x087d                  _modo_timer2
                    0x087e                  _modo_timer3
                    0x087f                  _modo_timer4
                    0x0880                  _modo_timer5
                    0x0881                  _modo_timer6
                    0x0882                  _stopflag

.ndata              0x0884          0x6
 .ndata             0x0884          0x6 build/default/production/codigo.o
                    0x0884                  _I2C_ID
                    0x0886                  _UART1_punt_sal_aux
                    0x0888                  _I2CXpunt_sal_aux

.nbss               0x088a          0x2
 .nbss              0x088a          0x2 c:/program files/microchip/xc16/v2.00/bin/bin/../../lib\libc99-pic30-elf.a(errno.XX_o)
                    0x088a                  _errno

.bss                0x088c        0x80c
 .bss               0x088c        0x80c build/default/production/codigo.o
                    0x088c                  _UARTX1_IN_fifo
                    0x0a8c                  _UARTX1_OUT_fifo
                    0x0c8c                  _fifo_I2C_IN
                    0x0e92                  _fifo_I2C_OUT

.config_JTAGEN    0x00abfe          0x2
 .config_JTAGEN
                  0x00abfe          0x2 build/default/production/codigo.o

.config_IESO      0x00abfc          0x2
 .config_IESO     0x00abfc          0x2 build/default/production/codigo.o

.ivt._T4Interrupt
                  0x00004a          0x2
 .ivt._T4Interrupt
                  0x00004a          0x2 build/default/production/codigo.o

.ivt._U1TXInterrupt
                  0x00002c          0x2
 .ivt._U1TXInterrupt
                  0x00002c          0x2 build/default/production/codigo.o

.ivt._U1RXInterrupt
                  0x00002a          0x2
 .ivt._U1RXInterrupt
                  0x00002a          0x2 build/default/production/codigo.o

.ivt._SI2C2Interrupt
                  0x000076          0x2
 .ivt._SI2C2Interrupt
                  0x000076          0x2 build/default/production/codigo.o

.ivt._MI2C2Interrupt
                  0x000078          0x2
 .ivt._MI2C2Interrupt
                  0x000078          0x2 build/default/production/codigo.o

.const              0x8b30         0x1a load address 0x000b30  
 .const             0x8b30         0x1a build/default/production/codigo.o
                    0x8b30                  _getUart1
                    0x8b36                  _setUart1
                    0x8b3a                  _getI2C
                    0x8b40                  _setI2C

.text             0x000b4a        0xea6
 .text            0x000b4a        0xea6 build/default/production/codigo.o
                  0x000b4a                  _EB_in_count
                  0x000b52                  _EB_out_count
                  0x000b5a                  _init_timer4
                  0x000b6a                  _init_led
                  0x000b72                  _led1
                  0x000ba4                  _blkLed1
                  0x000bce                  _Poll_LEDs
                  0x000c2e                  _init_timer_api
                  0x000c34                  _TicPoll
                  0x000c3a                  _UARTX1_simplexMode
                  0x000c46                  _UARTX1_flowControl
                  0x000c68                  _UARTX1_invertir
                  0x000c86                  _UARTX1_IN_ini
                  0x000c94                  _UARTX1_OUT_ini
                  0x000ca0                  _UARTX1_IN_push
                  0x000ce6                  _UARTX1_OUT_push
                  0x000d32                  _UARTX1_IN_pop
                  0x000da2                  _UARTX1_OUT_pop
                  0x000dce                  _UARTX1_IN_count
                  0x000dd6                  _UARTX1_init
                  0x000e32                  _UARTX1_Init
                  0x000ff4                  _UARTX1_bd
                  0x0011b0                  _UARTX1_TXREG
                  0x0011bc                  _UARTX1_TRMT
                  0x0011c8                  _Init_USBDriver
                  0x0011e0                  _Poll_USBDriver
                  0x0011e6                  _USB_Init
                  0x0011ee                  _pUSB
                  0x0012a4                  _Poll_USB
                  0x0012aa                  _Init_I2C
                  0x0013c2                  _CollisionReset_I2C
                  0x0013da                  _OverflowReset_I2C
                  0x0013f2                  _IsI2cStart
                  0x001412                  _IsI2cCollisionDetect
                  0x001432                  _IsI2cStop
                  0x001452                  _IsI2cReceiveBufferFull
                  0x001472                  _IsI2cDataOrAddress
                  0x001492                  _IsI2cReceiveOverflow
                  0x0014b2                  _Start_I2C
                  0x0014ca                  _Stop_I2C
                  0x0014e2                  _Write_I2C
                  0x001526                  _Read_I2C
                  0x001588                  _I2cRfi_init
                  0x0015c6                  _I2cRfi_Send
                  0x0015f2                  _I2cRfi_PoolSend
                  0x001620                  _ini_I2C_IN
                  0x00162e                  _ini_I2C_OUT
                  0x00163e                  _ini_I2C_OUT_FM
                  0x001646                  _reset_I2C_FRAME
                  0x001652                  _ok_I2C_FRAME
                  0x00165e                  _push_I2C_IN
                  0x001690                  _push_I2C_OUT
                  0x0016c2                  _pI2C
                  0x001780                  _pop_I2C_IN
                  0x0017fa                  _pop_I2C_OUT
                  0x001820                  _pop_I2C_OUT_FM
                  0x00184c                  _poll_I2C
                  0x0019a0                  _initSystem
                  0x0019aa                  _onReset
                  0x0019b8                  _eI2C
                  0x0019d6                  _main

.dinit            0x0019f0         0x1e
 .dinit           0x0019f0         0x1e data_init
